whoisfreaks-mock-1  | /docker-entrypoint.sh: /docker-entrypoint.d/ is not empty, will attempt to perform configuration
whoisfreaks-mock-1  | /docker-entrypoint.sh: Looking for shell scripts in /docker-entrypoint.d/
whoisfreaks-mock-1  | /docker-entrypoint.sh: Launching /docker-entrypoint.d/10-listen-on-ipv6-by-default.sh
whoisfreaks-mock-1  | 10-listen-on-ipv6-by-default.sh: info: can not modify /etc/nginx/conf.d/default.conf (read-only file system?)
whoisfreaks-mock-1  | /docker-entrypoint.sh: Sourcing /docker-entrypoint.d/15-local-resolvers.envsh
whoisfreaks-mock-1  | /docker-entrypoint.sh: Launching /docker-entrypoint.d/20-envsubst-on-templates.sh
whoisfreaks-mock-1  | /docker-entrypoint.sh: Launching /docker-entrypoint.d/30-tune-worker-processes.sh
whoisfreaks-mock-1  | /docker-entrypoint.sh: Configuration complete; ready for start up
whoisfreaks-mock-1  | 2026/08/12 17:31:15 [notice] 1#1: using the "epoll" event method
whoisfreaks-mock-1  | 2026/08/12 17:31:15 [notice] 1#1: nginx/1.25.5
whoisfreaks-mock-1  | 2026/08/12 17:31:15 [notice] 1#1: built by gcc 13.2.1 20231014 (Alpine 13.2.1_git20231014) 
whoisfreaks-mock-1  | 2026/08/12 17:31:15 [notice] 1#1: OS: Linux 6.10.14-linuxkit
whoisfreaks-mock-1  | 2026/08/12 17:31:15 [notice] 1#1: getrlimit(RLIMIT_NOFILE): 1048576:1048576
whoisfreaks-mock-1  | 2026/08/12 17:31:15 [notice] 1#1: start worker processes
whoisfreaks-mock-1  | 2026/08/12 17:31:15 [notice] 1#1: start worker process 20
whoisfreaks-mock-1  | 2026/08/12 17:31:15 [notice] 1#1: start worker process 21
whoisfreaks-mock-1  | 2026/08/12 17:31:15 [notice] 1#1: start worker process 22
whoisfreaks-mock-1  | 2026/08/12 17:31:15 [notice] 1#1: start worker process 23
whoisfreaks-mock-1  | 2026/08/12 17:31:15 [notice] 1#1: start worker process 24
whoisfreaks-mock-1  | 2026/08/12 17:31:15 [notice] 1#1: start worker process 25
whoisfreaks-mock-1  | 2026/08/12 17:31:15 [notice] 1#1: start worker process 26
whoisfreaks-mock-1  | 2026/08/12 17:31:15 [notice] 1#1: start worker process 27
whoisfreaks-mock-1  | 2026/08/12 17:31:15 [notice] 1#1: start worker process 28
whoisfreaks-mock-1  | 2026/08/12 17:31:15 [notice] 1#1: start worker process 29
whoisfreaks-mock-1  | 2026/08/12 17:31:15 [notice] 1#1: start worker process 30
whoisfreaks-mock-1  | 172.22.0.2 - - [12/Aug/2026:17:31:27 +0000] "GET /v3.1/status HTTP/1.1" 200 302 "-" "Elastic-Filebeat/9.4.4 (linux; arm64; baed89504b1a1c0a7642d60dc0b6c1b0eb34f100; 2026-07-15 12:22:19 +0000 UTC)" "-"
whoisfreaks-mock-1  | 172.22.0.2 - - [12/Aug/2026:17:31:27 +0000] "GET /v3.1/download/domainer/gtld?date=2026-08-04&whois=true HTTP/1.1" 200 519 "-" "Elastic-Filebeat/9.4.4 (linux; arm64; baed89504b1a1c0a7642d60dc0b6c1b0eb34f100; 2026-07-15 12:22:19 +0000 UTC)" "-"
whoisfreaks-mock-1  | 172.22.0.2 - - [12/Aug/2026:17:31:27 +0000] "GET /v3.1/download/domainer/cctld?date=2026-08-04&whois=true HTTP/1.1" 200 519 "-" "Elastic-Filebeat/9.4.4 (linux; arm64; baed89504b1a1c0a7642d60dc0b6c1b0eb34f100; 2026-07-15 12:22:19 +0000 UTC)" "-"
whoisfreaks-mock-1  | 2026/08/12 17:31:38 [notice] 1#1: signal 3 (SIGQUIT) received, shutting down
whoisfreaks-mock-1  | 2026/08/12 17:31:38 [notice] 20#20: gracefully shutting down
whoisfreaks-mock-1  | 2026/08/12 17:31:38 [notice] 21#21: gracefully shutting down
whoisfreaks-mock-1  | 2026/08/12 17:31:38 [notice] 21#21: exiting
whoisfreaks-mock-1  | 2026/08/12 17:31:38 [notice] 20#20: exiting
whoisfreaks-mock-1  | 2026/08/12 17:31:38 [notice] 26#26: gracefully shutting down
whoisfreaks-mock-1  | 2026/08/12 17:31:38 [notice] 28#28: gracefully shutting down
whoisfreaks-mock-1  | 2026/08/12 17:31:38 [notice] 26#26: exiting
whoisfreaks-mock-1  | 2026/08/12 17:31:38 [notice] 28#28: exiting
whoisfreaks-mock-1  | 2026/08/12 17:31:38 [notice] 21#21: exit
whoisfreaks-mock-1  | 2026/08/12 17:31:38 [notice] 20#20: exit
whoisfreaks-mock-1  | 2026/08/12 17:31:38 [notice] 28#28: exit
whoisfreaks-mock-1  | 2026/08/12 17:31:38 [notice] 30#30: gracefully shutting down
whoisfreaks-mock-1  | 2026/08/12 17:31:38 [notice] 30#30: exiting
whoisfreaks-mock-1  | 2026/08/12 17:31:38 [notice] 26#26: exit
whoisfreaks-mock-1  | 2026/08/12 17:31:38 [notice] 30#30: exit
whoisfreaks-mock-1  | 2026/08/12 17:31:38 [notice] 22#22: gracefully shutting down
whoisfreaks-mock-1  | 2026/08/12 17:31:38 [notice] 22#22: exiting
whoisfreaks-mock-1  | 2026/08/12 17:31:38 [notice] 22#22: exit
whoisfreaks-mock-1  | 2026/08/12 17:31:38 [notice] 29#29: gracefully shutting down
whoisfreaks-mock-1  | 2026/08/12 17:31:38 [notice] 29#29: exiting
whoisfreaks-mock-1  | 2026/08/12 17:31:38 [notice] 29#29: exit
whoisfreaks-mock-1  | 2026/08/12 17:31:38 [notice] 23#23: gracefully shutting down
whoisfreaks-mock-1  | 2026/08/12 17:31:38 [notice] 24#24: gracefully shutting down
whoisfreaks-mock-1  | 2026/08/12 17:31:38 [notice] 23#23: exiting
whoisfreaks-mock-1  | 2026/08/12 17:31:38 [notice] 24#24: exiting
whoisfreaks-mock-1  | 2026/08/12 17:31:38 [notice] 23#23: exit
whoisfreaks-mock-1  | 2026/08/12 17:31:38 [notice] 24#24: exit
whoisfreaks-mock-1  | 2026/08/12 17:31:38 [notice] 25#25: gracefully shutting down
whoisfreaks-mock-1  | 2026/08/12 17:31:38 [notice] 25#25: exiting
whoisfreaks-mock-1  | 2026/08/12 17:31:38 [notice] 25#25: exit
whoisfreaks-mock-1  | 2026/08/12 17:31:38 [notice] 27#27: gracefully shutting down
whoisfreaks-mock-1  | 2026/08/12 17:31:38 [notice] 27#27: exiting
whoisfreaks-mock-1  | 2026/08/12 17:31:38 [notice] 27#27: exit
whoisfreaks-mock-1  | 2026/08/12 17:31:38 [notice] 1#1: signal 17 (SIGCHLD) received from 28
whoisfreaks-mock-1  | 2026/08/12 17:31:38 [notice] 1#1: worker process 28 exited with code 0
whoisfreaks-mock-1  | 2026/08/12 17:31:38 [notice] 1#1: signal 29 (SIGIO) received
whoisfreaks-mock-1  | 2026/08/12 17:31:38 [notice] 1#1: signal 17 (SIGCHLD) received from 25
whoisfreaks-mock-1  | 2026/08/12 17:31:38 [notice] 1#1: worker process 22 exited with code 0
whoisfreaks-mock-1  | 2026/08/12 17:31:38 [notice] 1#1: worker process 25 exited with code 0
whoisfreaks-mock-1  | 2026/08/12 17:31:38 [notice] 1#1: worker process 26 exited with code 0
whoisfreaks-mock-1  | 2026/08/12 17:31:38 [notice] 1#1: worker process 30 exited with code 0
whoisfreaks-mock-1  | 2026/08/12 17:31:38 [notice] 1#1: signal 29 (SIGIO) received
whoisfreaks-mock-1  | 2026/08/12 17:31:38 [notice] 1#1: signal 17 (SIGCHLD) received from 27
whoisfreaks-mock-1  | 2026/08/12 17:31:38 [notice] 1#1: worker process 20 exited with code 0
whoisfreaks-mock-1  | 2026/08/12 17:31:38 [notice] 1#1: worker process 21 exited with code 0
whoisfreaks-mock-1  | 2026/08/12 17:31:38 [notice] 1#1: worker process 23 exited with code 0
whoisfreaks-mock-1  | 2026/08/12 17:31:38 [notice] 1#1: worker process 24 exited with code 0
whoisfreaks-mock-1  | 2026/08/12 17:31:38 [notice] 1#1: worker process 27 exited with code 0
whoisfreaks-mock-1  | 2026/08/12 17:31:38 [notice] 1#1: signal 29 (SIGIO) received
whoisfreaks-mock-1  | 2026/08/12 17:31:38 [notice] 1#1: signal 17 (SIGCHLD) received from 23
whoisfreaks-mock-1  | 2026/08/12 17:31:38 [notice] 1#1: signal 17 (SIGCHLD) received from 29
whoisfreaks-mock-1  | 2026/08/12 17:31:38 [notice] 1#1: worker process 29 exited with code 0
whoisfreaks-mock-1  | 2026/08/12 17:31:38 [notice] 1#1: exit
